[     357ms] [INFO] %cDownload the React DevTools for a better development experience: https://react.dev/link/react-devtools font-weight:bold @ http://localhost:3002/_next/static/chunks/node_modules_next_dist_1e8vcs8._.js:776
[     389ms] [LOG] [HMR] connected @ http://localhost:3002/_next/static/chunks/node_modules_next_dist_1e8vcs8._.js:776
[  220493ms] [ERROR] Failed to load resource: net::ERR_EMPTY_RESPONSE @ http://localhost:5001/api/tokens/logs?page=1&limit=25&status=all&source=all&mode=all&q=:0
[  220493ms] [ERROR] Failed to load resource: net::ERR_CONNECTION_REFUSED @ http://localhost:5001/api/admin/status:0
[  220494ms] [ERROR] Failed to load resource: net::ERR_CONNECTION_REFUSED @ http://localhost:5001/api/tokens/logs?page=1&limit=25&status=all&source=all&mode=all&q=:0
[  220494ms] [ERROR] Failed to load resource: net::ERR_CONNECTION_REFUSED @ http://localhost:5001/api/admin/status:0
[  220495ms] [ERROR] Failed to load resource: net::ERR_CONNECTION_REFUSED @ http://localhost:5001/api/tokens/logs?page=1&limit=25&status=all&source=all&mode=all&q=:0
[  220495ms] [ERROR] Failed to load resource: net::ERR_CONNECTION_REFUSED @ http://localhost:5001/api/admin/status:0
[  220496ms] [ERROR] Failed to load resource: net::ERR_CONNECTION_REFUSED @ http://localhost:5001/api/admin/status:0
[  220512ms] [ERROR] Failed to load resource: the server responded with a status of 500 (Internal Server Error) @ http://localhost:3002/api/tokens/logs?page=1&limit=25&status=all&source=all&mode=all&q=:0
[  220513ms] [ERROR] Fetch logs error: SyntaxError: Unexpected token 'I', "Internal S"... is not valid JSON @ http://localhost:3002/_next/static/chunks/node_modules_next_dist_1e8vcs8._.js:1052
[  220558ms] [ERROR] Failed to load resource: the server responded with a status of 500 (Internal Server Error) @ http://localhost:3002/api/admin/status:0
[  220573ms] [ERROR] Failed to load resource: the server responded with a status of 500 (Internal Server Error) @ http://localhost:3002/api/tokens/logs?page=1&limit=25&status=all&source=all&mode=all&q=:0
[  220574ms] [ERROR] Fetch logs error: SyntaxError: Unexpected token 'I', "Internal S"... is not valid JSON @ http://localhost:3002/_next/static/chunks/node_modules_next_dist_1e8vcs8._.js:1052
[  220613ms] [ERROR] Failed to load resource: the server responded with a status of 500 (Internal Server Error) @ http://localhost:3002/api/admin/status:0
[  220657ms] [ERROR] Failed to load resource: the server responded with a status of 500 (Internal Server Error) @ http://localhost:3002/api/tokens/logs?page=1&limit=25&status=all&source=all&mode=all&q=:0
[  220657ms] [ERROR] Fetch logs error: SyntaxError: Unexpected token 'I', "Internal S"... is not valid JSON @ http://localhost:3002/_next/static/chunks/node_modules_next_dist_1e8vcs8._.js:1052
[  220660ms] [ERROR] Failed to load resource: the server responded with a status of 500 (Internal Server Error) @ http://localhost:3002/api/admin/status:0
[  220696ms] [ERROR] Failed to load resource: the server responded with a status of 500 (Internal Server Error) @ http://localhost:3002/api/admin/status:0
[  220728ms] [LOG] [Fast Refresh] rebuilding @ http://localhost:3002/_next/static/chunks/node_modules_next_dist_1e8vcs8._.js:776
[  220740ms] [LOG] [Fast Refresh] done in 113ms @ http://localhost:3002/_next/static/chunks/node_modules_next_dist_1e8vcs8._.js:776
[  225199ms] [ERROR] Failed to load resource: net::ERR_CONNECTION_REFUSED @ http://localhost:5001/api/tokens/logs?page=1&limit=25&status=all&source=all&mode=all&q=:0
[  225203ms] [ERROR] Failed to load resource: the server responded with a status of 500 (Internal Server Error) @ http://localhost:3002/api/tokens/logs?page=1&limit=25&status=all&source=all&mode=all&q=:0
[  225203ms] [ERROR] Fetch logs error: SyntaxError: Unexpected token 'I', "Internal S"... is not valid JSON @ http://localhost:3002/_next/static/chunks/node_modules_next_dist_1e8vcs8._.js:1052
[  225426ms] [ERROR] Failed to load resource: net::ERR_CONNECTION_REFUSED @ http://localhost:5001/api/admin/status:0
[  225429ms] [ERROR] Failed to load resource: the server responded with a status of 500 (Internal Server Error) @ http://localhost:3002/api/admin/status:0
[  230427ms] [ERROR] Failed to load resource: net::ERR_CONNECTION_REFUSED @ http://localhost:5001/api/admin/status:0
[  230433ms] [ERROR] Failed to load resource: the server responded with a status of 500 (Internal Server Error) @ http://localhost:3002/api/admin/status:0
[  231219ms] [ERROR] Failed to load resource: net::ERR_CONNECTION_REFUSED @ http://localhost:5001/api/tokens/logs?page=1&limit=25&status=all&source=all&mode=all&q=:0
[  231222ms] [ERROR] Failed to load resource: the server responded with a status of 500 (Internal Server Error) @ http://localhost:3002/api/tokens/logs?page=1&limit=25&status=all&source=all&mode=all&q=:0
[  231223ms] [ERROR] Fetch logs error: SyntaxError: Unexpected token 'I', "Internal S"... is not valid JSON @ http://localhost:3002/_next/static/chunks/node_modules_next_dist_1e8vcs8._.js:1052
[  235428ms] [ERROR] Failed to load resource: net::ERR_CONNECTION_REFUSED @ http://localhost:5001/api/admin/status:0
[  235434ms] [ERROR] Failed to load resource: the server responded with a status of 500 (Internal Server Error) @ http://localhost:3002/api/admin/status:0
[  237198ms] [ERROR] Failed to load resource: net::ERR_CONNECTION_REFUSED @ http://localhost:5001/api/tokens/logs?page=1&limit=25&status=all&source=all&mode=all&q=:0
[  237201ms] [ERROR] Failed to load resource: the server responded with a status of 500 (Internal Server Error) @ http://localhost:3002/api/tokens/logs?page=1&limit=25&status=all&source=all&mode=all&q=:0
[  237201ms] [ERROR] Fetch logs error: SyntaxError: Unexpected token 'I', "Internal S"... is not valid JSON @ http://localhost:3002/_next/static/chunks/node_modules_next_dist_1e8vcs8._.js:1052
[  240428ms] [ERROR] Failed to load resource: net::ERR_CONNECTION_REFUSED @ http://localhost:5001/api/admin/status:0
[  240433ms] [ERROR] Failed to load resource: the server responded with a status of 500 (Internal Server Error) @ http://localhost:3002/api/admin/status:0
[  243225ms] [ERROR] Failed to load resource: net::ERR_CONNECTION_REFUSED @ http://localhost:5001/api/tokens/logs?page=1&limit=25&status=all&source=all&mode=all&q=:0
[  243228ms] [ERROR] Failed to load resource: the server responded with a status of 500 (Internal Server Error) @ http://localhost:3002/api/tokens/logs?page=1&limit=25&status=all&source=all&mode=all&q=:0
[  243229ms] [ERROR] Fetch logs error: SyntaxError: Unexpected token 'I', "Internal S"... is not valid JSON @ http://localhost:3002/_next/static/chunks/node_modules_next_dist_1e8vcs8._.js:1052
[  245429ms] [ERROR] Failed to load resource: net::ERR_CONNECTION_REFUSED @ http://localhost:5001/api/admin/status:0
[  245437ms] [ERROR] Failed to load resource: the server responded with a status of 500 (Internal Server Error) @ http://localhost:3002/api/admin/status:0
[  249215ms] [ERROR] Failed to load resource: net::ERR_CONNECTION_REFUSED @ http://localhost:5001/api/tokens/logs?page=1&limit=25&status=all&source=all&mode=all&q=:0
[  249219ms] [ERROR] Failed to load resource: the server responded with a status of 500 (Internal Server Error) @ http://localhost:3002/api/tokens/logs?page=1&limit=25&status=all&source=all&mode=all&q=:0
[  249219ms] [ERROR] Fetch logs error: SyntaxError: Unexpected token 'I', "Internal S"... is not valid JSON @ http://localhost:3002/_next/static/chunks/node_modules_next_dist_1e8vcs8._.js:1052
[  250428ms] [ERROR] Failed to load resource: net::ERR_CONNECTION_REFUSED @ http://localhost:5001/api/admin/status:0
[  250436ms] [ERROR] Failed to load resource: the server responded with a status of 500 (Internal Server Error) @ http://localhost:3002/api/admin/status:0
[  255202ms] [ERROR] Failed to load resource: net::ERR_CONNECTION_REFUSED @ http://localhost:5001/api/tokens/logs?page=1&limit=25&status=all&source=all&mode=all&q=:0
[  255205ms] [ERROR] Failed to load resource: the server responded with a status of 500 (Internal Server Error) @ http://localhost:3002/api/tokens/logs?page=1&limit=25&status=all&source=all&mode=all&q=:0
[  255205ms] [ERROR] Fetch logs error: SyntaxError: Unexpected token 'I', "Internal S"... is not valid JSON @ http://localhost:3002/_next/static/chunks/node_modules_next_dist_1e8vcs8._.js:1052
[  255426ms] [ERROR] Failed to load resource: net::ERR_CONNECTION_REFUSED @ http://localhost:5001/api/admin/status:0
[  255430ms] [ERROR] Failed to load resource: the server responded with a status of 500 (Internal Server Error) @ http://localhost:3002/api/admin/status:0
[  260426ms] [ERROR] Failed to load resource: net::ERR_CONNECTION_REFUSED @ http://localhost:5001/api/admin/status:0
[  260428ms] [ERROR] Failed to load resource: the server responded with a status of 500 (Internal Server Error) @ http://localhost:3002/api/admin/status:0
[  375446ms] [ERROR] Failed to load resource: net::ERR_CONNECTION_REFUSED @ http://localhost:5001/api/admin/status:0
[  375453ms] [ERROR] Failed to load resource: the server responded with a status of 500 (Internal Server Error) @ http://localhost:3002/api/admin/status:0
